// Vitest Snapshot v1, https://vitest.dev/guide/snapshot.html

exports[`snapshot > defineNuxtComponent 1`] = `
"import { defineNuxtComponent, useNuxtApp } from '#imports';
definePageMeta({
  name: 'HelloWorld', layout: 'test-layout', middleware: 'test-middleware'
});

const { $client } = useNuxtApp();

const onSubmit = () => {
  console.log('onSubmit');
};
"
`;

exports[`snapshot > lang=js 1`] = `
"import { defineComponent, toRefs, computed, ref } from 'vue';
const props = defineProps({
  msg: {
    type: String,
    default: 'HelloWorld'
  }, foo: {
    type: String,
    required: true,
  }
});
const emit = defineEmits({ change: null });

const { msg, foo } = toRefs(props);
const newMsg = computed(() => msg.value + '- HelloWorld');

const count = ref(0);
"
`;

exports[`snapshot > lang=ts 1`] = `
"import { defineComponent, toRefs, computed, ref } from 'vue';
type Props = {
  msg?: string;
  foo: string;
}; const props = withDefaults(defineProps<Props>(), { msg: 'HelloWorld' });
const emit = defineEmits<{ (e: 'change', value: number): void; }>();

const { msg, foo } = toRefs(props);
const newMsg = computed(() => msg.value + '- HelloWorld');

const count = ref(0);
emit("change", 124);
"
`;
